// Jest Snapshot v1, https://goo.gl/fbAQLP

exports[`ModalHeader render 1`] = `
.c2 {
  display: -webkit-box;
  display: -webkit-flex;
  display: -ms-flexbox;
  display: flex;
  padding-left: 16px;
  padding-right: 16px;
  color: #fff;
  background-color: #0a0;
  -webkit-align-items: center;
  -webkit-box-align: center;
  -ms-flex-align: center;
  align-items: center;
}

.c3 {
  font-size: 14px;
  font-weight: 600;
}

.c7 {
  -webkit-flex: none;
  -ms-flex: none;
  flex: none;
}

.c6 {
  -webkit-font-smoothing: antialiased;
  display: inline-block;
  vertical-align: middle;
  text-align: center;
  -webkit-text-decoration: none;
  text-decoration: none;
  font-family: inherit;
  font-weight: 600;
  line-height: 1.5;
  cursor: pointer;
  border-radius: 2px;
  background-color: #007aff;
  color: #fff;
  border-width: 0;
  border-style: solid;
  font-size: 14px;
  padding: 9.5px 18px;
  margin-left: auto;
}

.c6:disabled {
  opacity: 0.25;
}

.c6:hover {
  background-color: #049;
}

.c5 {
  padding: 0;
  height: auto;
  background-color: transparent;
  color: inherit;
}

.c5:hover {
  background-color: transparent;
}

.c0 {
  font-family: 'Montserrat','Helvetica Neue',Helvetica,Arial,sans-serif;
  line-height: 1.4;
}

.c0 * {
  box-sizing: border-box;
}

.c1 {
  height: 40px;
}

.c4 svg {
  vertical-align: top;
}

.c4:focus {
  background-color: #049;
  outline: none;
}

<div
  class="c0"
>
  <div
    class="c1 c2"
    color="white"
  >
    <div
      class="c3"
      font-size="1"
    >
      test
    </div>
    <button
      class="c4 c5 c6"
      style="height: 24px;"
      tabindex="1"
      title="close"
    >
      <svg
        class="c7"
        fill="currentcolor"
        height="24"
        viewBox="0 0 24 24"
        width="24"
      >
        <path
          d="M19,6.4L17.6,5L12,10.6L6.4,5L5,6.4l5.6,5.6L5,17.6L6.4,19l5.6-5.6l5.6,5.6l1.4-1.4L13.4,12L19,6.4z"
        />
      </svg>
    </button>
  </div>
</div>
`;

exports[`SmallModalHeader render 1`] = `
.c2 {
  background-color: #0a0;
}

.c0 {
  font-family: 'Montserrat','Helvetica Neue',Helvetica,Arial,sans-serif;
  line-height: 1.4;
}

.c0 * {
  box-sizing: border-box;
}

.c1 {
  height: 8px;
}

<div
  class="c0"
>
  <div
    class="c1 c2"
  />
</div>
`;
