// Jest Snapshot v1, https://goo.gl/fbAQLP

exports[`Modal renders when enable overflow and disable close button 1`] = `
.c0 {
  font-family: 'Montserrat','Helvetica Neue',Helvetica,Arial,sans-serif;
  line-height: 1.4;
}

.c0 * {
  box-sizing: border-box;
}

<div
  class="c0"
>
  <div
    class="c0"
  />
</div>
`;

exports[`Modal renders when open 1`] = `
.c0 {
  font-family: 'Montserrat','Helvetica Neue',Helvetica,Arial,sans-serif;
  line-height: 1.4;
}

.c0 * {
  box-sizing: border-box;
}

<div
  class="c0"
>
  <div
    class="c0"
  />
</div>
`;
