// Jest Snapshot v1, https://goo.gl/fbAQLP

exports[`Absolute renders with flag and Child 1`] = `[Function]`;

exports[`Absolute renders with top, left and zIndex props 1`] = `
<div
  className="fsAiuq"
/>
`;
