// Jest Snapshot v1, https://goo.gl/fbAQLP

exports[`BlockLink renders 1`] = `
<a
  className="jMeQIw"
  color="blue"
>
  raw text
</a>
`;
