// Jest Snapshot v1, https://goo.gl/fbAQLP

exports[`CloseButton renders without props 1`] = `
<button
  className="osKGX"
  style={
    Object {
      "height": "24px",
    }
  }
  title="close"
>
  <svg
    className="jZzamx"
    color="#666666"
    fill="currentcolor"
    height={24}
    theme={
      Object {
        "bold": 600,
        "boxShadows": Array [
          "0 0 2px 0 rgba(0,0,0,.08),0 1px 4px 0 rgba(0,0,0,.16)",
          "0 0 2px 0 rgba(0,0,0,.08),0 2px 8px 0 rgba(0,0,0,.16)",
          "0 0 2px 0 rgba(0,0,0,.08),0 4px 16px 0 rgba(0,0,0,.16)",
          "0 0 2px 0 rgba(0,0,0,.08),0 8px 32px 0 rgba(0,0,0,.16)",
        ],
        "breakpoints": Array [
          "36em",
          "48em",
          "62em",
          "75em",
        ],
        "buttons": Object {
          "primary": Object {
            "&:hover": Object {
              "backgroundColor": "black",
            },
            "backgroundColor": "blue",
            "color": "white",
          },
        },
        "colorStyles": Object {
          "error": Object {
            "backgroundColor": "red",
            "color": "white",
          },
          "warning": Object {
            "backgroundColor": "orange",
            "color": "black",
          },
        },
        "colors": Object {
          "black": "#000000",
          "blue": "#1379C1",
          "blueGray": "#34495E",
          "blueGreen": "#16A085",
          "cobalt": "#1379C1",
          "coral": "#FC5C51",
          "crimsonRed": "#C0392B",
          "darkBlue": "#022D41",
          "darkOrange": "#D35400",
          "darkPink": "#E74C3C",
          "darkPurple": "#641F71",
          "error": "#C0392B",
          "gray100": "#F0F0F0",
          "gray200": "#E8E8E8",
          "gray300": "#D1D1D1",
          "gray400": "#BABABA",
          "gray50": "#F7F7F7",
          "gray500": "#A3A3A3",
          "gray600": "#666666",
          "gray700": "#4F4F4F",
          "gray800": "#333333",
          "gray900": "#1F1F1F",
          "lightBlue": "#4F9FD5",
          "lightOrange": "#F39C12",
          "mintGreen": "#1ABC9C",
          "orange": "#E67E22",
          "primary": "#E74C3C",
          "purple": "#8B2D9C",
          "secondary": "#8B2D9C",
          "success": "#1ABC9C",
          "text": "#333333",
          "warning": "#EDB506",
          "white": "#FFFFFF",
          "yellow": "#EDB506",
        },
        "duration": Object {
          "fast": "150ms",
          "normal": "300ms",
          "slow": "450ms",
          "slowest": "600ms",
        },
        "font": "'Open Sans','Helvetica Neue',Helvetica,Arial,sans-serif",
        "fontSizes": Array [
          12,
          14,
          16,
          20,
          24,
          32,
          48,
          60,
        ],
        "fontWeights": Object {
          "bold": 600,
          "light": 200,
          "medium": 500,
          "regular": 400,
          "thin": 300,
        },
        "headingFont": "halyard-display",
        "letterSpacings": Object {
          "caps": "0.025em",
          "normal": "normal",
        },
        "light": 200,
        "maxContainerWidth": "1280px",
        "mediaQueries": Array [
          "@media screen and (min-width:36em)",
          "@media screen and (min-width:48em)",
          "@media screen and (min-width:62em)",
          "@media screen and (min-width:75em)",
        ],
        "medium": 500,
        "radii": Array [
          0,
          2,
          6,
        ],
        "radius": "4px",
        "regular": 400,
        "space": Array [
          0,
          4,
          8,
          16,
          32,
          64,
          128,
        ],
        "textStyles": Object {
          "caps": Object {
            "letterSpacing": "0.2em",
            "textTransform": "uppercase",
          },
        },
        "thin": 300,
        "timingFunctions": Object {
          "easeIn": "cubic-bezier(0.5, 0, 1, 1)",
          "easeInOut": "cubic-bezier(0.5, 0, 0.25, 1)",
          "easeOut": "cubic-bezier(0, 0, 0.25, 1)",
        },
        "transitionDelays": Object {
          "large": "260ms",
          "medium": "160ms",
          "small": "60ms",
          "xLarge": "360ms",
        },
      }
    }
    viewBox="0 0 24 24"
    width={24}
  >
    <path
      d="M19,6.4L17.6,5L12,10.6L6.4,5L5,6.4l5.6,5.6L5,17.6L6.4,19l5.6-5.6l5.6,5.6l1.4-1.4L13.4,12L19,6.4z"
    />
  </svg>
</button>
`;
