// Jest Snapshot v1, https://goo.gl/fbAQLP

exports[`Image renders 1`] = `
<img
  className="jmRVdi"
  src="https://www.qaa.priceline.com/home/public/735e9d77a0adaeaf0c46845da8c5db8b.jpg"
/>
`;
