// Jest Snapshot v1, https://goo.gl/fbAQLP

exports[`InputGroup renders 1`] = `
<div
  className="dHockP"
/>
`;
