// Jest Snapshot v1, https://goo.gl/fbAQLP

exports[`Link renders 1`] = `
<a
  className="neiLn"
  color="blue"
>
  Dummy
</a>
`;
